Starting >>> om6dof_dd_gng
[  2%] Built target om6dof_dd_gng__rs
[  2%] Built target om6dof_dd_gng__cpp
[  4%] Built target gtest_main
[  6%] Built target gtest
[ 16%] Built target om6dof_dd_gng__rosidl_generator_c
[ 16%] Built target ament_cmake_python_symlink_om6dof_dd_gng
[ 26%] Built target test_reachability_graph
[ 28%] Built target om6dof_dd_gng__rosidl_typesupport_c
[ 45%] Built target om6dof_dd_gng__rosidl_typesupport_cpp
[ 48%] Built target om6dof_dd_gng__rosidl_typesupport_introspection_cpp
[ 69%] Built target om6dof_dd_gng__rosidl_typesupport_fastrtps_c
[ 69%] Built target om6dof_dd_gng__rosidl_typesupport_fastrtps_cpp
[ 79%] Built target om6dof_dd_gng__rosidl_typesupport_introspection_c
[ 79%] Built target om6dof_dd_gng
[ 81%] Built target topo_gng_node
[ 83%] Built target reachability_graph_node
[ 84%] Built target om6dof_dd_gng__py
[ 93%] Built target om6dof_dd_gng__rosidl_generator_py
[ 95%] Built target om6dof_dd_gng__rosidl_typesupport_fastrtps_c__pyext
[ 98%] Built target om6dof_dd_gng__rosidl_typesupport_c__pyext
[100%] Built target om6dof_dd_gng__rosidl_typesupport_introspection_c__pyext
running egg_info
writing om6dof_dd_gng.egg-info/PKG-INFO
writing dependency_links to om6dof_dd_gng.egg-info/dependency_links.txt
writing top-level names to om6dof_dd_gng.egg-info/top_level.txt
reading manifest file 'om6dof_dd_gng.egg-info/SOURCES.txt'
writing manifest file 'om6dof_dd_gng.egg-info/SOURCES.txt'
[100%] Built target ament_cmake_python_build_om6dof_dd_gng_egg
-- Install configuration: "Release"
-- Up-to-date: /home/kublab/ros2_ws/install/om6dof_dd_gng/share/om6dof_dd_gng/systemd
-- Up-to-date: /home/kublab/ros2_ws/install/om6dof_dd_gng/share/om6dof_dd_gng/systemd/om6dof-dd-gng.service
-- Execute custom install script
-- Up-to-date symlink: /home/kublab/ros2_ws/install/om6dof_dd_gng/share/ament_index/resource_index/rosidl_interfaces/om6dof_dd_gng
-- Up-to-date symlink: /home/kublab/ros2_ws/install/om6dof_dd_gng/include/om6dof_dd_gng/om6dof_dd_gng/msg/detail/environment_graph__functions.h
-- Up-to-date symlink: /home/kublab/ros2_ws/install/om6dof_dd_gng/include/om6dof_dd_gng/om6dof_dd_gng/msg/detail/environment_graph__struct.h
-- Up-to-date symlink: /home/kublab/ros2_ws/install/om6dof_dd_gng/include/om6dof_dd_gng/om6dof_dd_gng/msg/detail/environment_graph__type_support.h
-- Up-to-date symlink: /home/kublab/ros2_ws/install/om6dof_dd_gng/include/om6dof_dd_gng/om6dof_dd_gng/msg/detail/environment_node__functions.h
-- Up-to-date symlink: /home/kublab/ros2_ws/install/om6dof_dd_gng/include/om6dof_dd_gng/om6dof_dd_gng/msg/detail/environment_node__struct.h
-- Up-to-date symlink: /home/kublab/ros2_ws/install/om6dof_dd_gng/include/om6dof_dd_gng/om6dof_dd_gng/msg/detail/environment_node__type_support.h
-- Up-to-date symlink: /home/kublab/ros2_ws/install/om6dof_dd_gng/include/om6dof_dd_gng/om6dof_dd_gng/msg/detail/reachability_graph__functions.h
-- Up-to-date symlink: /home/kublab/ros2_ws/install/om6dof_dd_gng/include/om6dof_dd_gng/om6dof_dd_gng/msg/detail/reachability_graph__struct.h
-- Up-to-date symlink: /home/kublab/ros2_ws/install/om6dof_dd_gng/include/om6dof_dd_gng/om6dof_dd_gng/msg/detail/reachability_graph__type_support.h
-- Up-to-date symlink: /home/kublab/ros2_ws/install/om6dof_dd_gng/include/om6dof_dd_gng/om6dof_dd_gng/msg/detail/reachability_node__functions.h
-- Up-to-date symlink: /home/kublab/ros2_ws/install/om6dof_dd_gng/include/om6dof_dd_gng/om6dof_dd_gng/msg/detail/reachability_node__struct.h
-- Up-to-date symlink: /home/kublab/ros2_ws/install/om6dof_dd_gng/include/om6dof_dd_gng/om6dof_dd_gng/msg/detail/reachability_node__type_support.h
-- Up-to-date symlink: /home/kublab/ros2_ws/install/om6dof_dd_gng/include/om6dof_dd_gng/om6dof_dd_gng/msg/detail/reachability_plan__functions.h
-- Up-to-date symlink: /home/kublab/ros2_ws/install/om6dof_dd_gng/include/om6dof_dd_gng/om6dof_dd_gng/msg/detail/reachability_plan__struct.h
-- Up-to-date symlink: /home/kublab/ros2_ws/install/om6dof_dd_gng/include/om6dof_dd_gng/om6dof_dd_gng/msg/detail/reachability_plan__type_support.h
-- Up-to-date symlink: /home/kublab/ros2_ws/install/om6dof_dd_gng/include/om6dof_dd_gng/om6dof_dd_gng/msg/detail/reachability_query__functions.h
-- Up-to-date symlink: /home/kublab/ros2_ws/install/om6dof_dd_gng/include/om6dof_dd_gng/om6dof_dd_gng/msg/detail/reachability_query__struct.h
-- Up-to-date symlink: /home/kublab/ros2_ws/install/om6dof_dd_gng/include/om6dof_dd_gng/om6dof_dd_gng/msg/detail/reachability_query__type_support.h
-- Up-to-date symlink: /home/kublab/ros2_ws/install/om6dof_dd_gng/include/om6dof_dd_gng/om6dof_dd_gng/msg/detail/topology_edge__functions.h
-- Up-to-date symlink: /home/kublab/ros2_ws/install/om6dof_dd_gng/include/om6dof_dd_gng/om6dof_dd_gng/msg/detail/topology_edge__struct.h
-- Up-to-date symlink: /home/kublab/ros2_ws/install/om6dof_dd_gng/include/om6dof_dd_gng/om6dof_dd_gng/msg/detail/topology_edge__type_support.h
-- Up-to-date symlink: /home/kublab/ros2_ws/install/om6dof_dd_gng/include/om6dof_dd_gng/om6dof_dd_gng/msg/environment_graph.h
-- Up-to-date symlink: /home/kublab/ros2_ws/install/om6dof_dd_gng/include/om6dof_dd_gng/om6dof_dd_gng/msg/environment_node.h
-- Up-to-date symlink: /home/kublab/ros2_ws/install/om6dof_dd_gng/include/om6dof_dd_gng/om6dof_dd_gng/msg/reachability_graph.h
-- Up-to-date symlink: /home/kublab/ros2_ws/install/om6dof_dd_gng/include/om6dof_dd_gng/om6dof_dd_gng/msg/reachability_node.h
-- Up-to-date symlink: /home/kublab/ros2_ws/install/om6dof_dd_gng/include/om6dof_dd_gng/om6dof_dd_gng/msg/reachability_plan.h
-- Up-to-date symlink: /home/kublab/ros2_ws/install/om6dof_dd_gng/include/om6dof_dd_gng/om6dof_dd_gng/msg/reachability_query.h
-- Up-to-date symlink: /home/kublab/ros2_ws/install/om6dof_dd_gng/include/om6dof_dd_gng/om6dof_dd_gng/msg/rosidl_generator_c__visibility_control.h
-- Up-to-date symlink: /home/kublab/ros2_ws/install/om6dof_dd_gng/include/om6dof_dd_gng/om6dof_dd_gng/msg/topology_edge.h
-- Up-to-date symlink: /home/kublab/ros2_ws/install/om6dof_dd_gng/include/om6dof_dd_gng/om6dof_dd_gng/srv/detail/validate_reachability_scene__functions.h
-- Up-to-date symlink: /home/kublab/ros2_ws/install/om6dof_dd_gng/include/om6dof_dd_gng/om6dof_dd_gng/srv/detail/validate_reachability_scene__struct.h
-- Up-to-date symlink: /home/kublab/ros2_ws/install/om6dof_dd_gng/include/om6dof_dd_gng/om6dof_dd_gng/srv/detail/validate_reachability_scene__type_support.h
-- Up-to-date symlink: /home/kublab/ros2_ws/install/om6dof_dd_gng/include/om6dof_dd_gng/om6dof_dd_gng/srv/validate_reachability_scene.h
-- Up-to-date symlink: /home/kublab/ros2_ws/install/om6dof_dd_gng/share/om6dof_dd_gng/environment/library_path.sh
-- Up-to-date symlink: /home/kublab/ros2_ws/install/om6dof_dd_gng/share/om6dof_dd_gng/environment/library_path.dsv
-- Up-to-date symlink: /home/kublab/ros2_ws/install/om6dof_dd_gng/include/om6dof_dd_gng/om6dof_dd_gng/msg/detail/environment_graph__rosidl_typesupport_fastrtps_c.h
-- Up-to-date symlink: /home/kublab/ros2_ws/install/om6dof_dd_gng/include/om6dof_dd_gng/om6dof_dd_gng/msg/detail/environment_node__rosidl_typesupport_fastrtps_c.h
-- Up-to-date symlink: /home/kublab/ros2_ws/install/om6dof_dd_gng/include/om6dof_dd_gng/om6dof_dd_gng/msg/detail/reachability_graph__rosidl_typesupport_fastrtps_c.h
-- Up-to-date symlink: /home/kublab/ros2_ws/install/om6dof_dd_gng/include/om6dof_dd_gng/om6dof_dd_gng/msg/detail/reachability_node__rosidl_typesupport_fastrtps_c.h
-- Up-to-date symlink: /home/kublab/ros2_ws/install/om6dof_dd_gng/include/om6dof_dd_gng/om6dof_dd_gng/msg/detail/reachability_plan__rosidl_typesupport_fastrtps_c.h
-- Up-to-date symlink: /home/kublab/ros2_ws/install/om6dof_dd_gng/include/om6dof_dd_gng/om6dof_dd_gng/msg/detail/reachability_query__rosidl_typesupport_fastrtps_c.h
-- Up-to-date symlink: /home/kublab/ros2_ws/install/om6dof_dd_gng/include/om6dof_dd_gng/om6dof_dd_gng/msg/detail/topology_edge__rosidl_typesupport_fastrtps_c.h
-- Up-to-date symlink: /home/kublab/ros2_ws/install/om6dof_dd_gng/include/om6dof_dd_gng/om6dof_dd_gng/msg/rosidl_typesupport_fastrtps_c__visibility_control.h
-- Up-to-date symlink: /home/kublab/ros2_ws/install/om6dof_dd_gng/include/om6dof_dd_gng/om6dof_dd_gng/srv/detail/validate_reachability_scene__rosidl_typesupport_fastrtps_c.h
-- Up-to-date symlink: /home/kublab/ros2_ws/install/om6dof_dd_gng/include/om6dof_dd_gng/om6dof_dd_gng/msg/detail/environment_graph__builder.hpp
-- Up-to-date symlink: /home/kublab/ros2_ws/install/om6dof_dd_gng/include/om6dof_dd_gng/om6dof_dd_gng/msg/detail/environment_graph__struct.hpp
-- Up-to-date symlink: /home/kublab/ros2_ws/install/om6dof_dd_gng/include/om6dof_dd_gng/om6dof_dd_gng/msg/detail/environment_graph__traits.hpp
-- Up-to-date symlink: /home/kublab/ros2_ws/install/om6dof_dd_gng/include/om6dof_dd_gng/om6dof_dd_gng/msg/detail/environment_graph__type_support.hpp
-- Up-to-date symlink: /home/kublab/ros2_ws/install/om6dof_dd_gng/include/om6dof_dd_gng/om6dof_dd_gng/msg/detail/environment_node__builder.hpp
-- Up-to-date symlink: /home/kublab/ros2_ws/install/om6dof_dd_gng/include/om6dof_dd_gng/om6dof_dd_gng/msg/detail/environment_node__struct.hpp
-- Up-to-date symlink: /home/kublab/ros2_ws/install/om6dof_dd_gng/include/om6dof_dd_gng/om6dof_dd_gng/msg/detail/environment_node__traits.hpp
-- Up-to-date symlink: /home/kublab/ros2_ws/install/om6dof_dd_gng/include/om6dof_dd_gng/om6dof_dd_gng/msg/detail/environment_node__type_support.hpp
-- Up-to-date symlink: /home/kublab/ros2_ws/install/om6dof_dd_gng/include/om6dof_dd_gng/om6dof_dd_gng/msg/detail/reachability_graph__builder.hpp
-- Up-to-date symlink: /home/kublab/ros2_ws/install/om6dof_dd_gng/include/om6dof_dd_gng/om6dof_dd_gng/msg/detail/reachability_graph__struct.hpp
-- Up-to-date symlink: /home/kublab/ros2_ws/install/om6dof_dd_gng/include/om6dof_dd_gng/om6dof_dd_gng/msg/detail/reachability_graph__traits.hpp
-- Up-to-date symlink: /home/kublab/ros2_ws/install/om6dof_dd_gng/include/om6dof_dd_gng/om6dof_dd_gng/msg/detail/reachability_graph__type_support.hpp
-- Up-to-date symlink: /home/kublab/ros2_ws/install/om6dof_dd_gng/include/om6dof_dd_gng/om6dof_dd_gng/msg/detail/reachability_node__builder.hpp
-- Up-to-date symlink: /home/kublab/ros2_ws/install/om6dof_dd_gng/include/om6dof_dd_gng/om6dof_dd_gng/msg/detail/reachability_node__struct.hpp
-- Up-to-date symlink: /home/kublab/ros2_ws/install/om6dof_dd_gng/include/om6dof_dd_gng/om6dof_dd_gng/msg/detail/reachability_node__traits.hpp
-- Up-to-date symlink: /home/kublab/ros2_ws/install/om6dof_dd_gng/include/om6dof_dd_gng/om6dof_dd_gng/msg/detail/reachability_node__type_support.hpp
-- Up-to-date symlink: /home/kublab/ros2_ws/install/om6dof_dd_gng/include/om6dof_dd_gng/om6dof_dd_gng/msg/detail/reachability_plan__builder.hpp
-- Up-to-date symlink: /home/kublab/ros2_ws/install/om6dof_dd_gng/include/om6dof_dd_gng/om6dof_dd_gng/msg/detail/reachability_plan__struct.hpp
-- Up-to-date symlink: /home/kublab/ros2_ws/install/om6dof_dd_gng/include/om6dof_dd_gng/om6dof_dd_gng/msg/detail/reachability_plan__traits.hpp
-- Up-to-date symlink: /home/kublab/ros2_ws/install/om6dof_dd_gng/include/om6dof_dd_gng/om6dof_dd_gng/msg/detail/reachability_plan__type_support.hpp
-- Up-to-date symlink: /home/kublab/ros2_ws/install/om6dof_dd_gng/include/om6dof_dd_gng/om6dof_dd_gng/msg/detail/reachability_query__builder.hpp
-- Up-to-date symlink: /home/kublab/ros2_ws/install/om6dof_dd_gng/include/om6dof_dd_gng/om6dof_dd_gng/msg/detail/reachability_query__struct.hpp
-- Up-to-date symlink: /home/kublab/ros2_ws/install/om6dof_dd_gng/include/om6dof_dd_gng/om6dof_dd_gng/msg/detail/reachability_query__traits.hpp
-- Up-to-date symlink: /home/kublab/ros2_ws/install/om6dof_dd_gng/include/om6dof_dd_gng/om6dof_dd_gng/msg/detail/reachability_query__type_support.hpp
-- Up-to-date symlink: /home/kublab/ros2_ws/install/om6dof_dd_gng/include/om6dof_dd_gng/om6dof_dd_gng/msg/detail/topology_edge__builder.hpp
-- Up-to-date symlink: /home/kublab/ros2_ws/install/om6dof_dd_gng/include/om6dof_dd_gng/om6dof_dd_gng/msg/detail/topology_edge__struct.hpp
-- Up-to-date symlink: /home/kublab/ros2_ws/install/om6dof_dd_gng/include/om6dof_dd_gng/om6dof_dd_gng/msg/detail/topology_edge__traits.hpp
-- Up-to-date symlink: /home/kublab/ros2_ws/install/om6dof_dd_gng/include/om6dof_dd_gng/om6dof_dd_gng/msg/detail/topology_edge__type_support.hpp
-- Up-to-date symlink: /home/kublab/ros2_ws/install/om6dof_dd_gng/include/om6dof_dd_gng/om6dof_dd_gng/msg/environment_graph.hpp
-- Up-to-date symlink: /home/kublab/ros2_ws/install/om6dof_dd_gng/include/om6dof_dd_gng/om6dof_dd_gng/msg/environment_node.hpp
-- Up-to-date symlink: /home/kublab/ros2_ws/install/om6dof_dd_gng/include/om6dof_dd_gng/om6dof_dd_gng/msg/reachability_graph.hpp
-- Up-to-date symlink: /home/kublab/ros2_ws/install/om6dof_dd_gng/include/om6dof_dd_gng/om6dof_dd_gng/msg/reachability_node.hpp
-- Up-to-date symlink: /home/kublab/ros2_ws/install/om6dof_dd_gng/include/om6dof_dd_gng/om6dof_dd_gng/msg/reachability_plan.hpp
-- Up-to-date symlink: /home/kublab/ros2_ws/install/om6dof_dd_gng/include/om6dof_dd_gng/om6dof_dd_gng/msg/reachability_query.hpp
-- Up-to-date symlink: /home/kublab/ros2_ws/install/om6dof_dd_gng/include/om6dof_dd_gng/om6dof_dd_gng/msg/rosidl_generator_cpp__visibility_control.hpp
-- Up-to-date symlink: /home/kublab/ros2_ws/install/om6dof_dd_gng/include/om6dof_dd_gng/om6dof_dd_gng/msg/topology_edge.hpp
-- Up-to-date symlink: /home/kublab/ros2_ws/install/om6dof_dd_gng/include/om6dof_dd_gng/om6dof_dd_gng/srv/detail/validate_reachability_scene__builder.hpp
-- Up-to-date symlink: /home/kublab/ros2_ws/install/om6dof_dd_gng/include/om6dof_dd_gng/om6dof_dd_gng/srv/detail/validate_reachability_scene__struct.hpp
-- Up-to-date symlink: /home/kublab/ros2_ws/install/om6dof_dd_gng/include/om6dof_dd_gng/om6dof_dd_gng/srv/detail/validate_reachability_scene__traits.hpp
-- Up-to-date symlink: /home/kublab/ros2_ws/install/om6dof_dd_gng/include/om6dof_dd_gng/om6dof_dd_gng/srv/detail/validate_reachability_scene__type_support.hpp
-- Up-to-date symlink: /home/kublab/ros2_ws/install/om6dof_dd_gng/include/om6dof_dd_gng/om6dof_dd_gng/srv/validate_reachability_scene.hpp
-- Up-to-date symlink: /home/kublab/ros2_ws/install/om6dof_dd_gng/include/om6dof_dd_gng/om6dof_dd_gng/msg/detail/environment_graph__rosidl_typesupport_fastrtps_cpp.hpp
-- Up-to-date symlink: /home/kublab/ros2_ws/install/om6dof_dd_gng/include/om6dof_dd_gng/om6dof_dd_gng/msg/detail/environment_node__rosidl_typesupport_fastrtps_cpp.hpp
-- Up-to-date symlink: /home/kublab/ros2_ws/install/om6dof_dd_gng/include/om6dof_dd_gng/om6dof_dd_gng/msg/detail/reachability_graph__rosidl_typesupport_fastrtps_cpp.hpp
-- Up-to-date symlink: /home/kublab/ros2_ws/install/om6dof_dd_gng/include/om6dof_dd_gng/om6dof_dd_gng/msg/detail/reachability_node__rosidl_typesupport_fastrtps_cpp.hpp
-- Up-to-date symlink: /home/kublab/ros2_ws/install/om6dof_dd_gng/include/om6dof_dd_gng/om6dof_dd_gng/msg/detail/reachability_plan__rosidl_typesupport_fastrtps_cpp.hpp
-- Up-to-date symlink: /home/kublab/ros2_ws/install/om6dof_dd_gng/include/om6dof_dd_gng/om6dof_dd_gng/msg/detail/reachability_query__rosidl_typesupport_fastrtps_cpp.hpp
-- Up-to-date symlink: /home/kublab/ros2_ws/install/om6dof_dd_gng/include/om6dof_dd_gng/om6dof_dd_gng/msg/detail/topology_edge__rosidl_typesupport_fastrtps_cpp.hpp
-- Up-to-date symlink: /home/kublab/ros2_ws/install/om6dof_dd_gng/include/om6dof_dd_gng/om6dof_dd_gng/msg/rosidl_typesupport_fastrtps_cpp__visibility_control.h
-- Up-to-date symlink: /home/kublab/ros2_ws/install/om6dof_dd_gng/include/om6dof_dd_gng/om6dof_dd_gng/srv/detail/validate_reachability_scene__rosidl_typesupport_fastrtps_cpp.hpp
-- Up-to-date symlink: /home/kublab/ros2_ws/install/om6dof_dd_gng/include/om6dof_dd_gng/om6dof_dd_gng/msg/detail/environment_graph__rosidl_typesupport_introspection_c.h
-- Up-to-date symlink: /home/kublab/ros2_ws/install/om6dof_dd_gng/include/om6dof_dd_gng/om6dof_dd_gng/msg/detail/environment_node__rosidl_typesupport_introspection_c.h
-- Up-to-date symlink: /home/kublab/ros2_ws/install/om6dof_dd_gng/include/om6dof_dd_gng/om6dof_dd_gng/msg/detail/reachability_graph__rosidl_typesupport_introspection_c.h
-- Up-to-date symlink: /home/kublab/ros2_ws/install/om6dof_dd_gng/include/om6dof_dd_gng/om6dof_dd_gng/msg/detail/reachability_node__rosidl_typesupport_introspection_c.h
-- Up-to-date symlink: /home/kublab/ros2_ws/install/om6dof_dd_gng/include/om6dof_dd_gng/om6dof_dd_gng/msg/detail/reachability_plan__rosidl_typesupport_introspection_c.h
-- Up-to-date symlink: /home/kublab/ros2_ws/install/om6dof_dd_gng/include/om6dof_dd_gng/om6dof_dd_gng/msg/detail/reachability_query__rosidl_typesupport_introspection_c.h
-- Up-to-date symlink: /home/kublab/ros2_ws/install/om6dof_dd_gng/include/om6dof_dd_gng/om6dof_dd_gng/msg/detail/topology_edge__rosidl_typesupport_introspection_c.h
-- Up-to-date symlink: /home/kublab/ros2_ws/install/om6dof_dd_gng/include/om6dof_dd_gng/om6dof_dd_gng/msg/rosidl_typesupport_introspection_c__visibility_control.h
-- Up-to-date symlink: /home/kublab/ros2_ws/install/om6dof_dd_gng/include/om6dof_dd_gng/om6dof_dd_gng/srv/detail/validate_reachability_scene__rosidl_typesupport_introspection_c.h
-- Up-to-date symlink: /home/kublab/ros2_ws/install/om6dof_dd_gng/include/om6dof_dd_gng/om6dof_dd_gng/msg/detail/environment_graph__rosidl_typesupport_introspection_cpp.hpp
-- Up-to-date symlink: /home/kublab/ros2_ws/install/om6dof_dd_gng/include/om6dof_dd_gng/om6dof_dd_gng/msg/detail/environment_node__rosidl_typesupport_introspection_cpp.hpp
-- Up-to-date symlink: /home/kublab/ros2_ws/install/om6dof_dd_gng/include/om6dof_dd_gng/om6dof_dd_gng/msg/detail/reachability_graph__rosidl_typesupport_introspection_cpp.hpp
-- Up-to-date symlink: /home/kublab/ros2_ws/install/om6dof_dd_gng/include/om6dof_dd_gng/om6dof_dd_gng/msg/detail/reachability_node__rosidl_typesupport_introspection_cpp.hpp
-- Up-to-date symlink: /home/kublab/ros2_ws/install/om6dof_dd_gng/include/om6dof_dd_gng/om6dof_dd_gng/msg/detail/reachability_plan__rosidl_typesupport_introspection_cpp.hpp
-- Up-to-date symlink: /home/kublab/ros2_ws/install/om6dof_dd_gng/include/om6dof_dd_gng/om6dof_dd_gng/msg/detail/reachability_query__rosidl_typesupport_introspection_cpp.hpp
-- Up-to-date symlink: /home/kublab/ros2_ws/install/om6dof_dd_gng/include/om6dof_dd_gng/om6dof_dd_gng/msg/detail/topology_edge__rosidl_typesupport_introspection_cpp.hpp
-- Up-to-date symlink: /home/kublab/ros2_ws/install/om6dof_dd_gng/include/om6dof_dd_gng/om6dof_dd_gng/srv/detail/validate_reachability_scene__rosidl_typesupport_introspection_cpp.hpp
-- Up-to-date symlink: /home/kublab/ros2_ws/install/om6dof_dd_gng/share/om6dof_dd_gng/environment/pythonpath.sh
-- Up-to-date symlink: /home/kublab/ros2_ws/install/om6dof_dd_gng/share/om6dof_dd_gng/environment/pythonpath.dsv
-- Up-to-date symlink: /home/kublab/ros2_ws/install/om6dof_dd_gng/local/lib/python3.10/dist-packages/om6dof_dd_gng-0.1.0-py3.10.egg-info/PKG-INFO
-- Up-to-date symlink: /home/kublab/ros2_ws/install/om6dof_dd_gng/local/lib/python3.10/dist-packages/om6dof_dd_gng-0.1.0-py3.10.egg-info/SOURCES.txt
-- Up-to-date symlink: /home/kublab/ros2_ws/install/om6dof_dd_gng/local/lib/python3.10/dist-packages/om6dof_dd_gng-0.1.0-py3.10.egg-info/dependency_links.txt
-- Up-to-date symlink: /home/kublab/ros2_ws/install/om6dof_dd_gng/local/lib/python3.10/dist-packages/om6dof_dd_gng-0.1.0-py3.10.egg-info/top_level.txt
-- Up-to-date symlink: /home/kublab/ros2_ws/install/om6dof_dd_gng/local/lib/python3.10/dist-packages/om6dof_dd_gng/__init__.py
-- Up-to-date symlink: /home/kublab/ros2_ws/install/om6dof_dd_gng/local/lib/python3.10/dist-packages/om6dof_dd_gng/_om6dof_dd_gng_s.ep.rosidl_typesupport_c.c
-- Up-to-date symlink: /home/kublab/ros2_ws/install/om6dof_dd_gng/local/lib/python3.10/dist-packages/om6dof_dd_gng/_om6dof_dd_gng_s.ep.rosidl_typesupport_fastrtps_c.c
-- Up-to-date symlink: /home/kublab/ros2_ws/install/om6dof_dd_gng/local/lib/python3.10/dist-packages/om6dof_dd_gng/_om6dof_dd_gng_s.ep.rosidl_typesupport_introspection_c.c
-- Up-to-date symlink: /home/kublab/ros2_ws/install/om6dof_dd_gng/local/lib/python3.10/dist-packages/om6dof_dd_gng/libom6dof_dd_gng__rosidl_generator_py.so
-- Up-to-date symlink: /home/kublab/ros2_ws/install/om6dof_dd_gng/local/lib/python3.10/dist-packages/om6dof_dd_gng/msg/__init__.py
-- Up-to-date symlink: /home/kublab/ros2_ws/install/om6dof_dd_gng/local/lib/python3.10/dist-packages/om6dof_dd_gng/msg/_environment_graph.py
-- Up-to-date symlink: /home/kublab/ros2_ws/install/om6dof_dd_gng/local/lib/python3.10/dist-packages/om6dof_dd_gng/msg/_environment_graph_s.c
-- Up-to-date symlink: /home/kublab/ros2_ws/install/om6dof_dd_gng/local/lib/python3.10/dist-packages/om6dof_dd_gng/msg/_environment_node.py
-- Up-to-date symlink: /home/kublab/ros2_ws/install/om6dof_dd_gng/local/lib/python3.10/dist-packages/om6dof_dd_gng/msg/_environment_node_s.c
-- Up-to-date symlink: /home/kublab/ros2_ws/install/om6dof_dd_gng/local/lib/python3.10/dist-packages/om6dof_dd_gng/msg/_reachability_graph.py
-- Up-to-date symlink: /home/kublab/ros2_ws/install/om6dof_dd_gng/local/lib/python3.10/dist-packages/om6dof_dd_gng/msg/_reachability_graph_s.c
-- Up-to-date symlink: /home/kublab/ros2_ws/install/om6dof_dd_gng/local/lib/python3.10/dist-packages/om6dof_dd_gng/msg/_reachability_node.py
-- Up-to-date symlink: /home/kublab/ros2_ws/install/om6dof_dd_gng/local/lib/python3.10/dist-packages/om6dof_dd_gng/msg/_reachability_node_s.c
-- Up-to-date symlink: /home/kublab/ros2_ws/install/om6dof_dd_gng/local/lib/python3.10/dist-packages/om6dof_dd_gng/msg/_reachability_plan.py
-- Up-to-date symlink: /home/kublab/ros2_ws/install/om6dof_dd_gng/local/lib/python3.10/dist-packages/om6dof_dd_gng/msg/_reachability_plan_s.c
-- Up-to-date symlink: /home/kublab/ros2_ws/install/om6dof_dd_gng/local/lib/python3.10/dist-packages/om6dof_dd_gng/msg/_reachability_query.py
-- Up-to-date symlink: /home/kublab/ros2_ws/install/om6dof_dd_gng/local/lib/python3.10/dist-packages/om6dof_dd_gng/msg/_reachability_query_s.c
-- Up-to-date symlink: /home/kublab/ros2_ws/install/om6dof_dd_gng/local/lib/python3.10/dist-packages/om6dof_dd_gng/msg/_topology_edge.py
-- Up-to-date symlink: /home/kublab/ros2_ws/install/om6dof_dd_gng/local/lib/python3.10/dist-packages/om6dof_dd_gng/msg/_topology_edge_s.c
-- Up-to-date symlink: /home/kublab/ros2_ws/install/om6dof_dd_gng/local/lib/python3.10/dist-packages/om6dof_dd_gng/om6dof_dd_gng_s__rosidl_typesupport_c.cpython-310-aarch64-linux-gnu.so
-- Up-to-date symlink: /home/kublab/ros2_ws/install/om6dof_dd_gng/local/lib/python3.10/dist-packages/om6dof_dd_gng/om6dof_dd_gng_s__rosidl_typesupport_fastrtps_c.cpython-310-aarch64-linux-gnu.so
-- Up-to-date symlink: /home/kublab/ros2_ws/install/om6dof_dd_gng/local/lib/python3.10/dist-packages/om6dof_dd_gng/om6dof_dd_gng_s__rosidl_typesupport_introspection_c.cpython-310-aarch64-linux-gnu.so
-- Up-to-date symlink: /home/kublab/ros2_ws/install/om6dof_dd_gng/local/lib/python3.10/dist-packages/om6dof_dd_gng/srv/__init__.py
-- Up-to-date symlink: /home/kublab/ros2_ws/install/om6dof_dd_gng/local/lib/python3.10/dist-packages/om6dof_dd_gng/srv/_validate_reachability_scene.py
-- Up-to-date symlink: /home/kublab/ros2_ws/install/om6dof_dd_gng/local/lib/python3.10/dist-packages/om6dof_dd_gng/srv/_validate_reachability_scene_s.c
-- Up-to-date symlink: /home/kublab/ros2_ws/install/om6dof_dd_gng/local/lib/python3.10/dist-packages/om6dof_dd_gng/om6dof_dd_gng_s__rosidl_typesupport_fastrtps_c.cpython-310-aarch64-linux-gnu.so
-- Up-to-date symlink: /home/kublab/ros2_ws/install/om6dof_dd_gng/local/lib/python3.10/dist-packages/om6dof_dd_gng/om6dof_dd_gng_s__rosidl_typesupport_introspection_c.cpython-310-aarch64-linux-gnu.so
-- Up-to-date symlink: /home/kublab/ros2_ws/install/om6dof_dd_gng/local/lib/python3.10/dist-packages/om6dof_dd_gng/om6dof_dd_gng_s__rosidl_typesupport_c.cpython-310-aarch64-linux-gnu.so
-- Up-to-date symlink: /home/kublab/ros2_ws/install/om6dof_dd_gng/share/ament_index/resource_index/rust_packages/om6dof_dd_gng
-- Up-to-date symlink: /home/kublab/ros2_ws/install/om6dof_dd_gng/share/om6dof_dd_gng/rust/Cargo.toml
-- Up-to-date symlink: /home/kublab/ros2_ws/install/om6dof_dd_gng/share/om6dof_dd_gng/rust/build.rs
-- Up-to-date symlink: /home/kublab/ros2_ws/install/om6dof_dd_gng/share/om6dof_dd_gng/rust/src/lib.rs
-- Up-to-date symlink: /home/kublab/ros2_ws/install/om6dof_dd_gng/share/om6dof_dd_gng/rust/src/msg.rs
-- Up-to-date symlink: /home/kublab/ros2_ws/install/om6dof_dd_gng/share/om6dof_dd_gng/rust/src/msg/rmw.rs
-- Up-to-date symlink: /home/kublab/ros2_ws/install/om6dof_dd_gng/share/om6dof_dd_gng/rust/src/srv.rs
-- Up-to-date symlink: /home/kublab/ros2_ws/install/om6dof_dd_gng/share/om6dof_dd_gng/rust/src/srv/rmw.rs
-- Up-to-date symlink: /home/kublab/ros2_ws/install/om6dof_dd_gng/share/om6dof_dd_gng/msg/TopologyEdge.idl
-- Up-to-date symlink: /home/kublab/ros2_ws/install/om6dof_dd_gng/share/om6dof_dd_gng/msg/EnvironmentNode.idl
-- Up-to-date symlink: /home/kublab/ros2_ws/install/om6dof_dd_gng/share/om6dof_dd_gng/msg/EnvironmentGraph.idl
-- Up-to-date symlink: /home/kublab/ros2_ws/install/om6dof_dd_gng/share/om6dof_dd_gng/msg/ReachabilityNode.idl
-- Up-to-date symlink: /home/kublab/ros2_ws/install/om6dof_dd_gng/share/om6dof_dd_gng/msg/ReachabilityGraph.idl
-- Up-to-date symlink: /home/kublab/ros2_ws/install/om6dof_dd_gng/share/om6dof_dd_gng/msg/ReachabilityPlan.idl
-- Up-to-date symlink: /home/kublab/ros2_ws/install/om6dof_dd_gng/share/om6dof_dd_gng/msg/ReachabilityQuery.idl
-- Up-to-date symlink: /home/kublab/ros2_ws/install/om6dof_dd_gng/share/om6dof_dd_gng/srv/ValidateReachabilityScene.idl
-- Up-to-date symlink: /home/kublab/ros2_ws/install/om6dof_dd_gng/share/om6dof_dd_gng/msg/TopologyEdge.msg
-- Up-to-date symlink: /home/kublab/ros2_ws/install/om6dof_dd_gng/share/om6dof_dd_gng/msg/EnvironmentNode.msg
-- Up-to-date symlink: /home/kublab/ros2_ws/install/om6dof_dd_gng/share/om6dof_dd_gng/msg/EnvironmentGraph.msg
-- Up-to-date symlink: /home/kublab/ros2_ws/install/om6dof_dd_gng/share/om6dof_dd_gng/msg/ReachabilityNode.msg
-- Up-to-date symlink: /home/kublab/ros2_ws/install/om6dof_dd_gng/share/om6dof_dd_gng/msg/ReachabilityGraph.msg
-- Up-to-date symlink: /home/kublab/ros2_ws/install/om6dof_dd_gng/share/om6dof_dd_gng/msg/ReachabilityPlan.msg
-- Up-to-date symlink: /home/kublab/ros2_ws/install/om6dof_dd_gng/share/om6dof_dd_gng/msg/ReachabilityQuery.msg
-- Up-to-date symlink: /home/kublab/ros2_ws/install/om6dof_dd_gng/share/om6dof_dd_gng/srv/ValidateReachabilityScene.srv
-- Up-to-date symlink: /home/kublab/ros2_ws/install/om6dof_dd_gng/share/om6dof_dd_gng/srv/ValidateReachabilityScene_Request.msg
-- Up-to-date symlink: /home/kublab/ros2_ws/install/om6dof_dd_gng/share/om6dof_dd_gng/srv/ValidateReachabilityScene_Response.msg
-- Up-to-date symlink: /home/kublab/ros2_ws/install/om6dof_dd_gng/lib/om6dof_dd_gng/topo_gng_node
-- Up-to-date symlink: /home/kublab/ros2_ws/install/om6dof_dd_gng/lib/om6dof_dd_gng/reachability_graph_node
-- Up-to-date symlink: /home/kublab/ros2_ws/install/om6dof_dd_gng/include/om6dof_dd_gng/async_yolo.hpp
-- Up-to-date symlink: /home/kublab/ros2_ws/install/om6dof_dd_gng/include/om6dof_dd_gng/ddgng.hpp
-- Up-to-date symlink: /home/kublab/ros2_ws/install/om6dof_dd_gng/include/om6dof_dd_gng/reachability_graph.hpp
-- Up-to-date symlink: /home/kublab/ros2_ws/install/om6dof_dd_gng/include/om6dof_dd_gng/yolox_detector.hpp
-- Up-to-date symlink: /home/kublab/ros2_ws/install/om6dof_dd_gng/share/om6dof_dd_gng/launch/__pycache__/reachability_graph.launch.cpython-310.pyc
-- Up-to-date symlink: /home/kublab/ros2_ws/install/om6dof_dd_gng/share/om6dof_dd_gng/launch/__pycache__/topo_gng_node.launch.cpython-310.pyc
-- Up-to-date symlink: /home/kublab/ros2_ws/install/om6dof_dd_gng/share/om6dof_dd_gng/launch/reachability_graph.launch.py
-- Up-to-date symlink: /home/kublab/ros2_ws/install/om6dof_dd_gng/share/om6dof_dd_gng/launch/topo_gng_node.launch.py
-- Up-to-date symlink: /home/kublab/ros2_ws/install/om6dof_dd_gng/share/om6dof_dd_gng/config/topo_gng.yaml
-- Up-to-date symlink: /home/kublab/ros2_ws/install/om6dof_dd_gng/share/om6dof_dd_gng/rviz/topo_gng.rviz
-- Up-to-date symlink: /home/kublab/ros2_ws/install/om6dof_dd_gng/lib/om6dof_dd_gng/reachability_benchmark.py
-- Up-to-date symlink: /home/kublab/ros2_ws/install/om6dof_dd_gng/lib/om6dof_dd_gng/reachability_multiscene_benchmark.py
-- Up-to-date symlink: /home/kublab/ros2_ws/install/om6dof_dd_gng/lib/om6dof_dd_gng/generate_reachability_scene_catalog.py
-- Up-to-date symlink: /home/kublab/ros2_ws/install/om6dof_dd_gng/lib/om6dof_dd_gng/analyze_reachability_multiscene.py
-- Up-to-date symlink: /home/kublab/ros2_ws/install/om6dof_dd_gng/share/ament_index/resource_index/package_run_dependencies/om6dof_dd_gng
-- Up-to-date symlink: /home/kublab/ros2_ws/install/om6dof_dd_gng/share/ament_index/resource_index/parent_prefix_path/om6dof_dd_gng
-- Up-to-date symlink: /home/kublab/ros2_ws/install/om6dof_dd_gng/share/om6dof_dd_gng/environment/ament_prefix_path.sh
-- Up-to-date symlink: /home/kublab/ros2_ws/install/om6dof_dd_gng/share/om6dof_dd_gng/environment/ament_prefix_path.dsv
-- Up-to-date symlink: /home/kublab/ros2_ws/install/om6dof_dd_gng/share/om6dof_dd_gng/environment/path.sh
-- Up-to-date symlink: /home/kublab/ros2_ws/install/om6dof_dd_gng/share/om6dof_dd_gng/environment/path.dsv
-- Up-to-date symlink: /home/kublab/ros2_ws/install/om6dof_dd_gng/share/om6dof_dd_gng/local_setup.bash
-- Up-to-date symlink: /home/kublab/ros2_ws/install/om6dof_dd_gng/share/om6dof_dd_gng/local_setup.sh
-- Up-to-date symlink: /home/kublab/ros2_ws/install/om6dof_dd_gng/share/om6dof_dd_gng/local_setup.zsh
-- Up-to-date symlink: /home/kublab/ros2_ws/install/om6dof_dd_gng/share/om6dof_dd_gng/local_setup.dsv
-- Symlinking: /home/kublab/ros2_ws/install/om6dof_dd_gng/share/om6dof_dd_gng/package.dsv
-- Up-to-date symlink: /home/kublab/ros2_ws/install/om6dof_dd_gng/share/ament_index/resource_index/packages/om6dof_dd_gng
-- Up-to-date symlink: /home/kublab/ros2_ws/install/om6dof_dd_gng/share/om6dof_dd_gng/cmake/rosidl_cmake-extras.cmake
-- Up-to-date symlink: /home/kublab/ros2_ws/install/om6dof_dd_gng/share/om6dof_dd_gng/cmake/ament_cmake_export_dependencies-extras.cmake
-- Up-to-date symlink: /home/kublab/ros2_ws/install/om6dof_dd_gng/share/om6dof_dd_gng/cmake/ament_cmake_export_include_directories-extras.cmake
-- Up-to-date symlink: /home/kublab/ros2_ws/install/om6dof_dd_gng/share/om6dof_dd_gng/cmake/ament_cmake_export_libraries-extras.cmake
-- Up-to-date symlink: /home/kublab/ros2_ws/install/om6dof_dd_gng/share/om6dof_dd_gng/cmake/ament_cmake_export_targets-extras.cmake
-- Up-to-date symlink: /home/kublab/ros2_ws/install/om6dof_dd_gng/share/om6dof_dd_gng/cmake/rosidl_cmake_export_typesupport_targets-extras.cmake
-- Up-to-date symlink: /home/kublab/ros2_ws/install/om6dof_dd_gng/share/om6dof_dd_gng/cmake/rosidl_cmake_export_typesupport_libraries-extras.cmake
-- Up-to-date symlink: /home/kublab/ros2_ws/install/om6dof_dd_gng/share/om6dof_dd_gng/cmake/rosidl_cmake_aggregate_target-extras.cmake
-- Up-to-date symlink: /home/kublab/ros2_ws/install/om6dof_dd_gng/share/om6dof_dd_gng/cmake/om6dof_dd_gngConfig.cmake
-- Up-to-date symlink: /home/kublab/ros2_ws/install/om6dof_dd_gng/share/om6dof_dd_gng/cmake/om6dof_dd_gngConfig-version.cmake
-- Up-to-date symlink: /home/kublab/ros2_ws/install/om6dof_dd_gng/share/om6dof_dd_gng/package.xml
-- Up-to-date: /home/kublab/ros2_ws/install/om6dof_dd_gng/lib/libom6dof_dd_gng__rosidl_generator_c.so
-- Up-to-date: /home/kublab/ros2_ws/install/om6dof_dd_gng/lib/libom6dof_dd_gng__rosidl_typesupport_fastrtps_c.so
-- Up-to-date: /home/kublab/ros2_ws/install/om6dof_dd_gng/lib/libom6dof_dd_gng__rosidl_typesupport_fastrtps_cpp.so
-- Up-to-date: /home/kublab/ros2_ws/install/om6dof_dd_gng/lib/libom6dof_dd_gng__rosidl_typesupport_introspection_c.so
-- Up-to-date: /home/kublab/ros2_ws/install/om6dof_dd_gng/lib/libom6dof_dd_gng__rosidl_typesupport_c.so
-- Up-to-date: /home/kublab/ros2_ws/install/om6dof_dd_gng/lib/libom6dof_dd_gng__rosidl_typesupport_introspection_cpp.so
-- Up-to-date: /home/kublab/ros2_ws/install/om6dof_dd_gng/lib/libom6dof_dd_gng__rosidl_typesupport_cpp.so
Listing '/home/kublab/ros2_ws/install/om6dof_dd_gng/local/lib/python3.10/dist-packages/om6dof_dd_gng'...
Listing '/home/kublab/ros2_ws/install/om6dof_dd_gng/local/lib/python3.10/dist-packages/om6dof_dd_gng/msg'...
Listing '/home/kublab/ros2_ws/install/om6dof_dd_gng/local/lib/python3.10/dist-packages/om6dof_dd_gng/srv'...
-- Up-to-date: /home/kublab/ros2_ws/install/om6dof_dd_gng/lib/libom6dof_dd_gng__rosidl_generator_py.so
-- Up-to-date: /home/kublab/ros2_ws/install/om6dof_dd_gng/share/om6dof_dd_gng/cmake/export_om6dof_dd_gng__rosidl_generator_cExport.cmake
-- Up-to-date: /home/kublab/ros2_ws/install/om6dof_dd_gng/share/om6dof_dd_gng/cmake/export_om6dof_dd_gng__rosidl_generator_cExport-release.cmake
-- Up-to-date: /home/kublab/ros2_ws/install/om6dof_dd_gng/share/om6dof_dd_gng/cmake/export_om6dof_dd_gng__rosidl_typesupport_fastrtps_cExport.cmake
-- Up-to-date: /home/kublab/ros2_ws/install/om6dof_dd_gng/share/om6dof_dd_gng/cmake/export_om6dof_dd_gng__rosidl_typesupport_fastrtps_cExport-release.cmake
-- Up-to-date: /home/kublab/ros2_ws/install/om6dof_dd_gng/share/om6dof_dd_gng/cmake/export_om6dof_dd_gng__rosidl_generator_cppExport.cmake
-- Up-to-date: /home/kublab/ros2_ws/install/om6dof_dd_gng/share/om6dof_dd_gng/cmake/export_om6dof_dd_gng__rosidl_typesupport_fastrtps_cppExport.cmake
-- Up-to-date: /home/kublab/ros2_ws/install/om6dof_dd_gng/share/om6dof_dd_gng/cmake/export_om6dof_dd_gng__rosidl_typesupport_fastrtps_cppExport-release.cmake
-- Up-to-date: /home/kublab/ros2_ws/install/om6dof_dd_gng/share/om6dof_dd_gng/cmake/om6dof_dd_gng__rosidl_typesupport_introspection_cExport.cmake
-- Up-to-date: /home/kublab/ros2_ws/install/om6dof_dd_gng/share/om6dof_dd_gng/cmake/om6dof_dd_gng__rosidl_typesupport_introspection_cExport-release.cmake
-- Up-to-date: /home/kublab/ros2_ws/install/om6dof_dd_gng/share/om6dof_dd_gng/cmake/om6dof_dd_gng__rosidl_typesupport_cExport.cmake
-- Up-to-date: /home/kublab/ros2_ws/install/om6dof_dd_gng/share/om6dof_dd_gng/cmake/om6dof_dd_gng__rosidl_typesupport_cExport-release.cmake
-- Up-to-date: /home/kublab/ros2_ws/install/om6dof_dd_gng/share/om6dof_dd_gng/cmake/om6dof_dd_gng__rosidl_typesupport_introspection_cppExport.cmake
-- Up-to-date: /home/kublab/ros2_ws/install/om6dof_dd_gng/share/om6dof_dd_gng/cmake/om6dof_dd_gng__rosidl_typesupport_introspection_cppExport-release.cmake
-- Up-to-date: /home/kublab/ros2_ws/install/om6dof_dd_gng/share/om6dof_dd_gng/cmake/om6dof_dd_gng__rosidl_typesupport_cppExport.cmake
-- Up-to-date: /home/kublab/ros2_ws/install/om6dof_dd_gng/share/om6dof_dd_gng/cmake/om6dof_dd_gng__rosidl_typesupport_cppExport-release.cmake
-- Up-to-date: /home/kublab/ros2_ws/install/om6dof_dd_gng/share/om6dof_dd_gng/cmake/export_om6dof_dd_gng__rosidl_generator_pyExport.cmake
-- Up-to-date: /home/kublab/ros2_ws/install/om6dof_dd_gng/share/om6dof_dd_gng/cmake/export_om6dof_dd_gng__rosidl_generator_pyExport-release.cmake
Finished <<< om6dof_dd_gng [0.80s]

Summary: 1 package finished [3.52s]
